
[1m=== 1/8  Generate synthetic data (seeded, deterministic) ===[0m
customers          : 826  (pre-window 452)
billing rows       : 17,310
ARR 2023-09       : $3,797,556
ARR 2026-08       : $12,374,314
MRR 2026-08       : $1,031,193
opex+cogs 2026-08 : $1,346,215
net burn 2026-08  : $-315,022
legacy acv scale   : 0.5431
defects            : {'duplicate_rows_injected': 157, 'credit_memo_rows_injected': 239, 'orphan_rows_injected': 12, 'negative_seat_rows_injected': 7, 'missing_acquisition_channel': 17, 'missing_segment': 11, 'missing_plan_code': 7}

[1m=== 2/8  Build the SQLite star schema and ETL audit ===[0m
ETL run 20260901T160703Z
  R01  Load raw billing extract                   in= 17,310 out= 17,310 affected=     0
  R02  Quarantine orphan billing rows             in= 17,310 out= 17,298 affected=    12
  R03  Separate credit memos from recurring       in= 17,298 out= 17,059 affected=   239
  R04  Quarantine non-positive recurring lines    in= 17,059 out= 17,052 affected=     7
  R05  De-duplicate subscription-month lines      in= 17,052 out= 16,895 affected=   157
  R06  Impute missing segment from first-month ARR in=    826 out=    826 affected=    11
  R07  Bucket missing channel as 'unattributed'   in=    826 out=    826 affected=    17
  R08  Impute missing plan from contracted seat price in=    826 out=    826 affected=     7
  R09  Derive dense subscription-month spine and movements in= 16,895 out= 17,181 affected=   286
  R10  Flag >5-sigma MRR movements (no removal)   in= 17,181 out= 17,181 affected=    18
  R11  Cross-foot marketing spend: GL vs platform export in=    216 out=    216 affected=     0
  R12  Flag pre-window customers as unattributable in=    826 out=    826 affected=   452
  R13  Recognised revenue = MRR less credit memos in=    239 out=    239 affected=     0

  ARR bridge residual (max abs, $): 0.00

  tables: dim_channel, dim_customer, dim_date, dim_plan, dim_segment, dq_quarantine, etl_audit, fact_credit_memo, fact_headcount, fact_marketing_spend, fact_opex, fact_subscription_month, ref_assumptions, ref_events
  dim_customer=826  fact_subscription_month=17,181  quarantined=176

[1m=== 3/8  Run the SQL library ===[0m
Q01_executive_summary.sql                  ->    36 rows
Q02_arr_bridge.sql                         ->    36 rows
Q03_cohort_revenue_retention.sql           ->   698 rows
Q04_cohort_reconciliation.sql              ->    36 rows
Q05_nrr_grr_by_month.sql                   ->    24 rows
Q06_nrr_grr_by_segment.sql                 ->    72 rows
Q07_cac_ltv_payback_by_channel.sql         ->     6 rows
Q08_channel_economics_cuts.sql             ->    33 rows
Q09_unit_economics_by_segment.sql          ->     3 rows
Q10_channel_cohort_quality.sql             ->    24 rows
Q11_sdr_productivity.sql                   ->    36 rows
Q12_growth_decomposition.sql               ->     4 rows
Q13_etl_audit_and_data_quality.sql         ->    13 rows

GATE 1  ARR bridge max |residual| = $0.0000  -> PASS
GATE 2  Cohort-to-total reconciliation: 36/36 months PASS -> PASS

--- Q01 Executive summary (last 6 months) -------------------------------------
  month        arr  net_new_arr  arr_yoy_pct  recognised_revenue  gross_margin_pct  sales_and_marketing  sm_pct_of_revenue  net_burn  burn_3m_avg  runway_months
2026-03 10309705.0     207111.0         72.4            847935.0              77.6             608783.0               71.8  397927.0     420774.0           14.5
2026-04 10679261.0     369556.0         74.8            880948.0              78.1             634199.0               72.0  395012.0     403840.0           15.1
2026-05 11107298.0     428037.0         65.7            920746.0              78.6             637720.0               69.3  363657.0     385532.0           15.8
2026-06 11625622.0     518324.0         67.4            966284.0              77.9             657286.0               68.0  355596.0     371422.0           16.4
2026-07 11966181.0     340559.0         68.8            991983.0              78.2             636947.0               64.2  331370.0     350208.0           17.4
2026-08 12374314.0     408133.0         68.6           1025405.0              78.5             654867.0               63.9  320810.0     335925.0           18.2

--- Q02 ARR bridge (last 4 months, $ ARR) -------------------------------------
  month  opening_arr  carry_in_arr  new_arr  expansion_arr  reactivation_arr  contraction_arr  churn_arr  closing_arr  residual_arr_must_be_zero
2026-05  10679261.04           0.0 368988.0      127734.96           16896.0         12474.96   73107.36  11107297.68                        0.0
2026-06  11107297.68           0.0 476508.0      175250.40               0.0         30354.72  103079.52  11625621.84                        0.0
2026-07  11625621.84           0.0 211980.0      168730.56               0.0         10665.60   29485.92  11966180.88                       -0.0
2026-08  11966180.88           0.0 327936.0      166358.40               0.0         20499.36   65662.32  12374313.60                       -0.0

--- Q05 NRR / GRR, trailing 12m -----------------------------------------------
as_of_month  anchor_logos  anchor_arr  nrr_pct  grr_pct  expansion_pct  churn_pct  contraction_pct  logo_churn_pct
    2026-05           461   6701810.0    104.3     88.9           15.4       10.5              0.6            18.9
    2026-06           467   6943910.0    103.2     88.4           14.8       10.9              0.7            19.3
    2026-07           467   7089000.0    104.6     89.5           15.2        9.9              0.6            18.8
    2026-08           468   7339454.0    104.7     89.6           15.2        9.4              1.1            17.7

--- Q06 NRR / GRR by segment, as at the latest month --------------------------
as_of_month    segment  anchor_logos  anchor_arr  nrr_pct  grr_pct  expansion_pct
    2026-08 Enterprise            33   2334816.0    121.1     96.6           24.4
    2026-08  MidMarket           142   3373920.0    104.4     92.9           11.4
    2026-08        SMB           293   1630718.0     82.0     72.4            9.6

--- Q07 Channel unit economics, trailing 12m ----------------------------------
        channel  n_wins  avg_acv      cac  cac_payback_months  monthly_logo_churn_pct  monthly_nrr_pct  ltv_cac_a  ltv_cac_b  ltv_cac_c
        partner      16  37364.0  29880.0                12.5                    1.30           100.30       6.13       5.25       3.94
inbound_content      23  26580.0  32118.0                18.8                    1.17           100.54       4.54       3.77       2.80
    paid_search      57  14935.0  21277.0                21.7                    1.89            99.78       2.44       2.59       1.97
   outbound_sdr      46  44037.0  72219.0                26.1                    0.60           100.89       6.36       3.02       2.22
         events       2  59070.0 175990.0                48.2                    0.00           102.91        NaN       3.27       2.28
    paid_social      36   6706.0  30883.0                68.5                    6.34            95.17       0.23       0.29       0.25

--- Q08 Channel x segment payback, trailing 12m -------------------------------
        channel    segment  n_wins caveat  avg_acv  cac_equal_split  payback_months  payback_months_effort_wtd
         events Enterprise       1   THIN 100188.0         174244.0            28.4                       36.6
         events  MidMarket       1   THIN  17952.0         174244.0           149.3                      106.0
inbound_content Enterprise       2   THIN  79134.0          30988.0             6.4                       13.9
inbound_content  MidMarket      11         34560.0          30988.0            13.8                       16.5
inbound_content        SMB      10          7291.0          30988.0            62.2                       33.9
   outbound_sdr Enterprise      13         93486.0          70164.0            12.3                       18.8
   outbound_sdr  MidMarket      29         26764.0          70164.0            40.3                       34.1
   outbound_sdr        SMB       4   THIN   8556.0          70164.0           120.0                       46.1
    paid_search Enterprise       2   THIN  55176.0          20558.0             6.1                       16.9
    paid_search  MidMarket      16         27522.0          20558.0            11.5                       17.5
    paid_search        SMB      39          7708.0          20558.0            39.0                       27.1
    paid_social  MidMarket       4   THIN  19272.0          30267.0            24.2                       46.9
    paid_social        SMB      32          5136.0          30267.0            86.2                       76.1
        partner Enterprise       2   THIN  87846.0          28956.0             5.4                        9.2
        partner  MidMarket      13         31842.0          28956.0            14.0                       13.1
        partner        SMB       1   THIN   8184.0          28956.0            51.8                       22.0

--- Q09 Unit economics by segment ---------------------------------------------
   segment  live_logos  book_arr  pct_of_arr  new_logos_12m  avg_new_acv  cac_equal_split  cac_effort_weighted  payback_months_entry  payback_months_effort_wtd  monthly_nrr_pct  ltv_cac
 MidMarket         204 5709264.0        46.1             74      28455.0          46973.0              46493.0                  25.4                       25.1           100.14     2.42
Enterprise          52 4852584.0        39.2             20      87991.0          64069.0             101442.0                  11.9                       18.8           101.25     7.90
       SMB         291 1812466.0        14.6             86       6747.0          28581.0              20303.0                  62.0                       44.0            98.27     0.56

--- Q10 Six-month revenue retention by channel and cohort half ----------------
        channel    half  cohort_logos  cohort_new_arr  avg_acv  revenue_retention_m6_pct  logo_retention_m6_pct
inbound_content 2024 H1             4        143520.0  35880.0                      63.9                   75.0
inbound_content 2024 H2             6        166368.0  27728.0                      92.4                   66.7
inbound_content 2025 H1             4        215328.0  53832.0                     100.0                  100.0
inbound_content 2025 H2            11        365592.0  33236.0                     110.5                  100.0
inbound_content 2026 H1             3         21576.0   7192.0                     103.4                  100.0
   outbound_sdr 2023 H2             3         56016.0  18672.0                     100.0                  100.0
   outbound_sdr 2024 H1             7        165096.0  23585.0                     101.3                  100.0
   outbound_sdr 2024 H2             9        306072.0  34008.0                     100.7                  100.0
   outbound_sdr 2025 H1            20        881172.0  44059.0                     101.5                   85.0
   outbound_sdr 2025 H2            18        742632.0  41257.0                     104.4                  100.0
   outbound_sdr 2026 H1            10        604692.0  60469.0                     114.8                  100.0
    paid_search 2023 H2            12        206832.0  17236.0                      95.7                   83.3
    paid_search 2024 H1            20        466908.0  23345.0                     100.7                   95.0
    paid_search 2024 H2            18        163392.0   9077.0                      92.1                   83.3
    paid_search 2025 H1            36        417984.0  11611.0                      75.0                   77.8
    paid_search 2025 H2            24        345888.0  14412.0                      97.6                   91.7
    paid_search 2026 H1             9        182472.0  20275.0                      89.4                   77.8
    paid_social 2024 H2             8         60288.0   7536.0                      91.4                   87.5
    paid_social 2025 H1            10         52788.0   5279.0                      64.8                   70.0
    paid_social 2025 H2            15         79956.0   5330.0                      66.1                   60.0
    paid_social 2026 H1             6         85104.0  14184.0                      98.8                   83.3
        partner 2024 H2             3         60552.0  20184.0                     100.0                  100.0
        partner 2025 H2             4        144672.0  36168.0                      82.6                   75.0
        partner 2026 H1             4        201036.0  50259.0                     114.6                  100.0

--- Q11 SDR productivity at each headcount step -------------------------------
  month  sdr_heads  meetings  meetings_per_rep  heads_added  marginal_meetings_per_added_rep
2024-02          3      29.4              9.80          1.0                             4.40
2024-09          4      41.9             10.47          1.0                             4.40
2025-04          5      50.4             10.08          1.0                             0.40
2025-07          6      58.3              9.72          1.0                             0.40
2025-08          8      63.2              7.90          2.0                             2.45
2025-09          9      73.5              8.17          1.0                            10.30

--- Q12 Growth decomposition, trailing 12m ------------------------------------
   segment  new_logo_arr  expansion_arr  reactivation_arr  contraction_arr  churn_arr  net_new_arr  pct_from_new_logos  pct_from_expansion
     TOTAL     4495140.0      1728739.0           39162.0        -238429.0  -989752.0    5034859.0                89.3                34.3
Enterprise     1759824.0       866844.0               0.0         -43560.0   -65340.0    2517768.0                69.9                34.4
 MidMarket     2146848.0       605616.0           16896.0         -92928.0  -341088.0    2335344.0                91.9                25.9
       SMB      588468.0       256279.0           22266.0        -101941.0  -583324.0     181747.0               323.8               141.0

All queries ran; both integrity gates passed.

[1m=== 4/8  Forecast bake-off and 18-month cash model ===[0m
==============================================================================
PART 1  Forecast model selection — rolling-origin backtest
==============================================================================
    policy     method  n           mae          rmse  mape_pct           bias
 expanding       holt 93  26171.614441  33379.557674  3.459816  -14145.847429
 expanding driver_nrr 93  28142.757125  36603.447235  3.783042  -20849.556479
 expanding      drift 93  57255.283137  67610.029302  7.326567  -57227.854647
 expanding log_linear 93  84932.016496  89594.804934 10.799014  -84932.016496
 expanding      naive 93 103669.021290 118696.407136 13.151790 -103669.021290
rolling_24       holt 93  25789.495745  33252.417471  3.419826  -12698.612523
rolling_24 driver_nrr 93  28142.757125  36603.447235  3.783042  -20849.556479
rolling_24      drift 93  53820.248175  64340.053256  6.963666  -53720.020835
rolling_24 log_linear 93  68916.669233  76244.877473  9.107933  -68400.401086
rolling_24      naive 93 103669.021290 118696.407136 13.151790 -103669.021290

MAPE % by horizon (both policies pooled):
horizon        1     2      3      4      5      6
method                                            
drift       2.09  4.18   6.56   8.65  10.77  13.10
driver_nrr  1.69  2.78   3.40   3.94   5.22   6.73
holt        1.82  2.84   2.99   3.31   4.70   5.81
log_linear  6.66  7.99   9.52  10.88  12.33  13.98
naive       4.16  8.20  12.30  15.96  19.49  23.06

WINNER: holt  (pooled out-of-sample MAPE 3.44%)
Ranking: holt 3.44%, driver_nrr 3.78%, drift 7.15%, log_linear 9.95%, naive 13.15%

==============================================================================
PART 2  18-month cash and runway model
==============================================================================
Observed forward parameters (all measured from the warehouse):
  outbound meeting->SQL         0.300
  outbound SQL->win             0.152
  outbound meeting->win         0.0455
  outbound ACV by segment       {'Enterprise': 93486, 'MidMarket': 26764, 'SMB': 8556}
  monthly net rev retention     {'Enterprise': 1.0125, 'MidMarket': 1.0014, 'SMB': 0.9827}
  current SDR heads             9
  paid social spend / month     $75,500
  paid social new MRR / month   $1,170  (9 logos in the last 3 months)

Forward cost policy (trailing-3-month basis):
  COGS 21.7% of revenue (variable)
  S&M  65.1% of revenue — the current spending policy
       held constant, i.e. $649,700/mo today growing with revenue
  R&D  $325,360/mo and G&A $138,526/mo, headcount
       flat, inflated at 2.5%/yr

Scenario summary:
      scenario  incremental_sm_per_month  net_incremental_burn_month6  arr_month18  delta_arr_month18  burn_month18  cash_month18  runway_months  incremental_gp_month18
          base                       0.0                          0.0   19723412.0                0.0      264308.0      805627.0           21.0                     0.0
sales_proposal                  180000.0                     186987.0   20963205.0          1239793.0      373435.0    -1704336.0           14.0                 80879.0
     selective                   88500.0                      26770.0   21039842.0          1316430.0      202640.0     1073224.0           23.0                 85878.0

Cash balance by month ($):
scenario       base  sales_proposal  selective
month                                         
2026-09   5775953.0       5775953.0  5852857.0
2026-10   5455437.0       5455437.0  5608621.0
2026-11   5138448.0       4954670.0  5273269.0
2026-12   4824985.0       4454001.0  4936338.0
2027-01   4515047.0       3955121.0  4599468.0
2027-02   4208630.0       3461718.0  4266281.0
2027-03   3905734.0       2975965.0  3939972.0
2027-04   3606356.0       2499213.0  3622878.0
2027-05   3310493.0       2032563.0  3316787.0
2027-06   3018145.0       1576066.0  3021795.0
2027-07   2729309.0       1129770.0  2738000.0
2027-08   2443984.0        693726.0  2465497.0
2027-09   2162166.0        267985.0  2204386.0
2027-10   1883854.0       -147401.0  1954766.0
2027-11   1609046.0       -552379.0  1716738.0
2027-12   1337741.0       -946897.0  1490403.0
2028-01   1069935.0      -1330901.0  1275864.0
2028-02    805627.0      -1704336.0  1073224.0

==============================================================================
PART 3  Sensitivity — how good would the new reps have to be?
==============================================================================
      scenario  added_heads  list_overlap  monthly_cost  incremental_meetings_per_month  meetings_per_added_rep  wins_per_month  blended_acv  incremental_cac  cac_payback_months  breakeven_meetings_per_added_rep_for_18m  productivity_headroom_pct
sales_proposal            9           1.0        180000                            49.5                    5.50            2.26        44354            79788                28.0                                      8.57                      -35.8
     selective            5           0.4         88500                            42.5                    8.51            1.94        65099            45671                11.2                                      5.27                       61.4

Read the last column as: how far the new reps' productivity could
fall short of assumption before the 18-month payback test fails.

Stress test A — territory overlap of the selective pod.
list_overlap = 1.00 is the worst case: the new reps add nothing but
more people working the SAME account list the current team works.
 list_overlap  meetings_per_added_rep  wins_per_month  incremental_cac  cac_payback_months verdict
          0.0                   11.59            2.64            33541                 8.2    PASS
          0.2                    9.84            2.24            39513                 9.7    PASS
          0.4                    8.51            1.94            45671                11.2    PASS
          0.6                    7.44            1.69            52226                12.8    PASS
          0.8                    6.55            1.49            59347                14.5    PASS
          1.0                    5.78            1.32            67210                16.4    PASS

Stress test B — Enterprise share of the pod's won mix.
The pod is priced on selling Enterprise. If it drifts back to the
Mid-Market mix the current team sells, does it still clear 18 months?
 enterprise_share  blended_acv  incremental_cac  cac_payback_months verdict
             0.10        33072            45671                21.3    FAIL
             0.20        39744            45671                17.9    PASS
             0.28        45082            45671                15.8    PASS
             0.40        53089            45671                13.5    PASS
             0.58        65099            45671                11.2    PASS
             0.70        73106            45671                10.0    PASS

[1m=== 5/8  Build the Excel model ===[0m
wrote outputs/excel/northwind_unit_economics.xlsx
  sheets            : README, CONTROL, DATA_SCENARIOS, DATA_ACTUALS, DATA_SEGMENTS, DATA_CHANNELS, CALC_UNIT_ECON, CALC_FORECAST, OUT_SUMMARY, DATA_SQL_CHECK, CHECKS
  forecast rows     : 46..63
  reconciliation    : 24 checks against 35 reference values

[1m=== 6/8  Validate (needs LibreOffice Calc: apt-get install -y libreoffice-calc) ===[0m
==============================================================================
VALIDATION
==============================================================================
[PASS] G1  Generator is deterministic (SHA-256 identical on re-run)
        all 6 raw files byte-identical; billing_raw.csv = 42cccf30bc0aa082...
[PASS] G2  ARR bridge ties to the cent in all 36 months
        max |residual| = $0.0000 across 36 months
[PASS] G3  Cohort triangle foots to total MRR every month
        36/36 months tie; max variance $0.0000
[PASS] G4  ETL audit accounts for every source row
        13 rules logged, 17,310 billing rows in, 176 quarantined with a reason
[PASS] G5  Excel recalculates with zero formula errors
        290 rows scanned across 11 sheets
[PASS] G6  Excel reconciles to SQL on every check
        24/24 checks PASS

                               check         excel     reference difference  tolerance status
            ARR, latest actual month 12,374,313.60 12,374,313.60     0.0000     0.0050   PASS
         Net burn, trailing 3 months    335,925.36    335,925.36     0.0000     0.0050   PASS
  ARR bridge, closing (latest month) 12,374,313.60 12,374,313.60     0.0000     0.0050   PASS
                 CAC — channel row 1    175,990.00    175,990.00     0.0000     0.5000   PASS
         CAC payback — channel row 1         48.18         48.20    -0.0165     0.0500   PASS
             LTV/CAC — channel row 1          3.27          3.27     0.0040     0.0051   PASS
                 CAC — channel row 2     32,117.74     32,118.00    -0.2609     0.5000   PASS
         CAC payback — channel row 2         18.76         18.80    -0.0418     0.0500   PASS
             LTV/CAC — channel row 2          3.77          3.77    -0.0043     0.0051   PASS
                 CAC — channel row 3     72,218.54     72,219.00    -0.4565     0.5000   PASS
         CAC payback — channel row 3         26.10         26.10     0.0000     0.0500   PASS
             LTV/CAC — channel row 3          3.02          3.02     0.0009     0.0051   PASS
                 CAC — channel row 4     21,277.18     21,277.00     0.1754     0.5000   PASS
         CAC payback — channel row 4         21.70         21.70    -0.0048     0.0500   PASS
             LTV/CAC — channel row 4          2.59          2.59     0.0035     0.0051   PASS
                 CAC — channel row 5     30,883.19     30,883.00     0.1944     0.5000   PASS
         CAC payback — channel row 5         68.48         68.50    -0.0196     0.0500   PASS
             LTV/CAC — channel row 5          0.29          0.29    -0.0032     0.0051   PASS
                 CAC — channel row 6     29,880.25     29,880.00     0.2500     0.5000   PASS
         CAC payback — channel row 6         12.51         12.50     0.0117     0.0500   PASS
             LTV/CAC — channel row 6          5.25          5.25    -0.0044     0.0051   PASS
  Cash at month 18 (active scenario)  1,073,223.82  1,073,224.00    -0.1800     0.5000   PASS
   ARR at month 18 (active scenario) 21,039,842.06 21,039,842.00     0.0572     0.5000   PASS
Incremental ARR at month 18 (active)  1,316,429.89  1,316,430.00    -0.1133     0.5000   PASS

[PASS] G7  Scenario switch moves the model and stays reconciled
        3 distinct cash paths; max |cash diff| vs Python $0.41; failing checks per scenario: [0.0, 0.0, 0.0]

                    cash_m18      ref_cash cash_diff       arr_m18       ref_arr arr_diff  failing_checks
base              805,626.99    805,627.00     -0.01 19,723,412.17 19,723,412.00     0.17             0.0
sales_proposal -1,704,336.41 -1,704,336.00     -0.41 20,963,205.18 20,963,205.00     0.18             0.0
selective       1,073,223.82  1,073,224.00     -0.18 21,039,842.06 21,039,842.00     0.06             0.0

==============================================================================
gate                                                     name status
  G1 Generator is deterministic (SHA-256 identical on re-run)   PASS
  G2             ARR bridge ties to the cent in all 36 months   PASS
  G3           Cohort triangle foots to total MRR every month   PASS
  G4                  ETL audit accounts for every source row   PASS
  G5              Excel recalculates with zero formula errors   PASS
  G6                   Excel reconciles to SQL on every check   PASS
  G7     Scenario switch moves the model and stays reconciled   PASS
==============================================================================
7/7 gates PASS

[1m=== 7/8  Export the Power BI star ===[0m
dim_date                          54 rows   9 cols
dim_customer                     826 rows  20 cols
dim_channel                        7 rows   6 cols
dim_segment                        3 rows   6 cols
fact_subscription_month       17,181 rows  13 cols
fact_marketing_spend             216 rows   6 cols
fact_opex                        720 rows   5 cols
fact_headcount                   288 rows   6 cols
fact_credit_memo                 239 rows   3 cols
bridge_cohort_age             17,181 rows   3 cols
ref_events                         6 rows   6 cols
etl_audit                         13 rows   9 cols

12 tables -> outputs/powerbi
Column names are the contract for docs/POWERBI_GUIDE.md — do not rename.

[1m=== 8/8  Regenerate the data dictionary and cleaning rules ===[0m
wrote docs/CLEANING_RULES.md and docs/DATA_DICTIONARY.md

[1mDone.[0m Deliverables:
  outputs/excel/northwind_unit_economics.xlsx
  outputs/tables/*.csv        (SQL results, backtest, scenarios, checks)
  outputs/powerbi/*.csv       (star-schema extracts)
  docs/CEO_MEMO.md            (the answer)
